publish UTG_open_HJ_call +later
publish UTG_open_CO_call +later
publish UTG_open_BTN_call +later
skip UTG_open_SB_call: unreachable
publish UTG_open_BB_call +later
publish HJ_open_CO_call +later
publish HJ_open_BTN_call +later
skip HJ_open_SB_call: unreachable
publish HJ_open_BB_call +later
publish CO_open_BTN_call +later
skip CO_open_SB_call: unreachable
publish CO_open_BB_call +later
skip BTN_open_SB_call: unreachable
publish BTN_open_BB_call +later
publish SB_open_BB_call +later
publish UTG_open_HJ_3bet_call +later
publish UTG_open_CO_3bet_call +later
publish UTG_open_BTN_3bet_call +later
publish UTG_open_SB_3bet_call +later
publish UTG_open_BB_3bet_call +later
publish HJ_open_CO_3bet_call +later
publish HJ_open_BTN_3bet_call +later
publish HJ_open_SB_3bet_call +later
publish HJ_open_BB_3bet_call +later
publish CO_open_BTN_3bet_call +later
publish CO_open_SB_3bet_call +later
publish CO_open_BB_3bet_call +later
publish BTN_open_SB_3bet_call +later
publish BTN_open_BB_3bet_call +later
publish SB_open_BB_3bet_call +later
publish UTG_open_HJ_4bp_call +later
publish UTG_open_CO_4bp_call +later
publish UTG_open_BTN_4bp_call +later
publish UTG_open_SB_4bp_call +later
publish UTG_open_BB_4bp_call +later
publish HJ_open_CO_4bp_call +later
publish HJ_open_BTN_4bp_call +later
publish HJ_open_SB_4bp_call +later
publish HJ_open_BB_4bp_call +later
publish CO_open_BTN_4bp_call +later
publish CO_open_SB_4bp_call +later
publish CO_open_BB_4bp_call +later
publish BTN_open_SB_4bp_call +later
publish BTN_open_BB_4bp_call +later
publish SB_open_BB_4bp_call +later
publish SB_limp_BB_check +later
publish SB_limp_BB_iso_call +later
publish SB_limp_BB_iso_SB_reraise_call +later
publish SB_limp_BB_iso_SB_reraise_BB_4bet_call +later
publish BTN_open_SB_3bet_BB_call_BTN_fold +later
publish CO_open_SB_3bet_BB_call_CO_fold +later
publish CO_open_BTN_call_BB_squeeze_CO_fold_BTN_call +later
publish CO_open_BTN_call_SB_squeeze_CO_fold_BTN_call +later
publish CO_open_BTN_3bet_BB_call_CO_fold +later
publish CO_open_BTN_3bet_SB_call_CO_fold +later
publish HJ_open_BTN_call_BB_squeeze_HJ_fold_BTN_call +later
publish BTN_open_SB_3bet_BB_4bet_BTN_fold_SB_call +later
publish CO_open_BTN_call_BB_squeeze_CO_call_BTN_fold +later
publish HJ_open_CO_3bet_BTN_call_HJ_fold +later
publish HJ_open_CO_call_BB_squeeze_HJ_fold_CO_call +later
publish HJ_open_BTN_call_SB_squeeze_HJ_fold_BTN_call +later
publish CO_open_BTN_call_SB_squeeze_CO_call_BTN_fold +later
publish HJ_open_SB_3bet_BB_call_HJ_fold +later
publish HJ_open_CO_call_SB_squeeze_HJ_fold_CO_call +later
publish HJ_open_CO_3bet_BB_call_HJ_fold +later
publish HJ_open_BTN_3bet_BB_call_HJ_fold +later
publish UTG_open_BTN_call_BB_squeeze_UTG_fold_BTN_call +later
publish HJ_open_BTN_call_BB_squeeze_HJ_call_BTN_fold +later
publish HJ_open_CO_call_BTN_squeeze_HJ_fold_CO_call +later
publish UTG_open_CO_call_BB_squeeze_UTG_fold_CO_call +later
publish UTG_open_HJ_3bet_BTN_call_UTG_fold +later
publish UTG_open_HJ_3bet_CO_call_UTG_fold +later
publish UTG_open_CO_3bet_BTN_call_UTG_fold +later
publish UTG_open_HJ_call_BB_squeeze_UTG_fold_HJ_call +later
publish HJ_open_CO_3bet_SB_call_HJ_fold +later
publish HJ_open_BTN_3bet_SB_call_HJ_fold +later
publish UTG_open_BTN_call_SB_squeeze_UTG_fold_BTN_call +later
publish HJ_open_CO_call_BB_squeeze_HJ_call_CO_fold +later
publish CO_open_SB_3bet_BB_4bet_CO_fold_SB_call +later
publish UTG_open_CO_call_SB_squeeze_UTG_fold_CO_call +later
publish CO_open_BTN_3bet_SB_4bet_CO_fold_BTN_call +later
publish UTG_open_HJ_call_SB_squeeze_UTG_fold_HJ_call +later
publish UTG_open_SB_3bet_BB_call_UTG_fold +later
publish CO_open_BTN_3bet_BB_4bet_CO_fold_BTN_call +later
publish HJ_open_BTN_call_SB_squeeze_HJ_call_BTN_fold +later
publish UTG_open_BTN_3bet_BB_call_UTG_fold +later
publish HJ_open_SB_3bet_BB_4bet_HJ_fold_SB_call +later
publish UTG_open_BTN_call_BB_squeeze_UTG_call_BTN_fold +later
publish HJ_open_CO_call_SB_squeeze_HJ_call_CO_fold +later
85 postflop spots
→ /workspace/scratch/08c72b2d7549/stage3-v7-final-review/apps/frontend/.local/independent-v7-postflop.sql
