TAP version 13
# (node:34377) ExperimentalWarning: SQLite is an experimental feature and might change at any time
# (Use `node --trace-warnings ...` to show where the warning was created)
# Subtest: disabled/origin/method gates and exact credentialed CORS
ok 1 - disabled/origin/method gates and exact credentialed CORS
  ---
  duration_ms: 22.346375
  type: 'test'
  ...
# Subtest: snapshot allowlist includes Agent stats and excludes arbitrary/rank keys
ok 2 - snapshot allowlist includes Agent stats and excludes arbitrary/rank keys
  ---
  duration_ms: 0.218792
  type: 'test'
  ...
# Subtest: Google signed identity, PKCE/state replay, owned snapshots and logout
ok 3 - Google signed identity, PKCE/state replay, owned snapshots and logout
  ---
  duration_ms: 200.811875
  type: 'test'
  ...
# Subtest: cross-tab account owner changes pause the 350ms Agent auto-save and preserve the old export
ok 4 - cross-tab account owner changes pause the 350ms Agent auto-save and preserve the old export
  ---
  duration_ms: 510.358792
  type: 'test'
  ...
# Subtest: a /session A then /data B race preserves A in memory and recovers through same-owner refresh
ok 5 - a /session A then /data B race preserves A in memory and recovers through same-owner refresh
  ---
  duration_ms: 4.608375
  type: 'test'
  ...
# Subtest: guest import preflights the exact owner-bound 500KB request and old-client recovery stays fail-closed
ok 6 - guest import preflights the exact owner-bound 500KB request and old-client recovery stays fail-closed
  ---
  duration_ms: 101.28675
  type: 'test'
  ...
# (node:34382) ExperimentalWarning: SQLite is an experimental feature and might change at any time
# (Use `node --trace-warnings ...` to show where the warning was created)
# Subtest: disabled by default; browser authority, insecure native transport and CORS fail closed
ok 7 - disabled by default; browser authority, insecure native transport and CORS fail closed
  ---
  duration_ms: 26.783584
  type: 'test'
  ...
# Subtest: strict start/body/redirect/method validation and per-route rate limits
ok 8 - strict start/body/redirect/method validation and per-route rate limits
  ---
  duration_ms: 91.083625
  type: 'test'
  ...
# Subtest: independent browser state and PKCE; callback replay and injection never mint credentials
ok 9 - independent browser state and PKCE; callback replay and injection never mint credentials
  ---
  duration_ms: 50.351041
  type: 'test'
  ...
# Subtest: exact expiry boundaries for pending attempts, Google state, app codes and native sessions
ok 10 - exact expiry boundaries for pending attempts, Google state, app codes and native sessions
  ---
  duration_ms: 101.883208
  type: 'test'
  ...
# Subtest: concurrent exchanges produce one session; failed session insert rolls back code claim
ok 11 - concurrent exchanges produce one session; failed session insert rolls back code claim
  ---
  duration_ms: 100.547833
  type: 'test'
  ...
# Subtest: cancel before browser, during consent, after code and after exchange prevents late sessions
ok 12 - cancel before browser, during consent, after code and after exchange prevents late sessions
  ---
  duration_ms: 150.262583
  type: 'test'
  ...
# Subtest: denied/invalid provider identity returns only trusted state and never a session
ok 13 - denied/invalid provider identity returns only trusted state and never a session
  ---
  duration_ms: 88.132375
  type: 'test'
  ...
# Subtest: native ownership, account switching, shared Web snapshots, conflict/consent, revocation and transport isolation
ok 14 - native ownership, account switching, shared Web snapshots, conflict/consent, revocation and transport isolation
  ---
  duration_ms: 117.821625
  type: 'test'
  ...
1..14
# tests 14
# suites 0
# pass 14
# fail 0
# cancelled 0
# skipped 0
# todo 0
# duration_ms 1928.7495
