BEGIN mw3-co-btn-bb-mw3-srp-v1.manifest.json
COLLECTING CO_open_BTN_call_BB_call
COLLECTED CO_open_BTN_call_BB_call
Independent saved-byte/source collection: CO_open_BTN_call_BB_call {"added":["apps/frontend/src/agent/agent-history-codec.ts"],"removed":[],"modified":["apps/frontend/src/account/session.ts","apps/frontend/src/locales/product-direct.json"]}
BEGIN mw3-co-btn-sb-mw3-srp-v1.manifest.json
COLLECTING CO_open_BTN_call_SB_call
COLLECTED CO_open_BTN_call_SB_call
Independent saved-byte/source collection: CO_open_BTN_call_SB_call {"added":["apps/frontend/src/agent/agent-history-codec.ts"],"removed":[],"modified":["apps/frontend/src/account/session.ts","apps/frontend/src/locales/product-direct.json"]}
BEGIN mw3-hj-btn-bb-mw3-srp-v1.manifest.json
COLLECTING HJ_open_BTN_call_BB_call
COLLECTED HJ_open_BTN_call_BB_call
Independent saved-byte/source collection: HJ_open_BTN_call_BB_call {"added":["apps/frontend/src/agent/agent-history-codec.ts"],"removed":[],"modified":["apps/frontend/src/account/session.ts","apps/frontend/src/locales/product-direct.json"]}
BEGIN mw3-hj-btn-sb-mw3-srp-v1.manifest.json
COLLECTING HJ_open_BTN_call_SB_call
COLLECTED HJ_open_BTN_call_SB_call
Independent saved-byte/source collection: HJ_open_BTN_call_SB_call {"added":["apps/frontend/src/agent/agent-history-codec.ts"],"removed":[],"modified":["apps/frontend/src/account/session.ts","apps/frontend/src/locales/product-direct.json"]}
BEGIN mw3-hj-co-bb-mw3-srp-v1.manifest.json
COLLECTING HJ_open_CO_call_BB_call
COLLECTED HJ_open_CO_call_BB_call
Independent saved-byte/source collection: HJ_open_CO_call_BB_call {"added":["apps/frontend/src/agent/agent-history-codec.ts"],"removed":[],"modified":["apps/frontend/src/account/session.ts","apps/frontend/src/locales/product-direct.json"]}
BEGIN mw3-hj-co-btn-mw3-srp-v1.manifest.json
COLLECTING HJ_open_CO_call_BTN_call
COLLECTED HJ_open_CO_call_BTN_call
Independent saved-byte/source collection: HJ_open_CO_call_BTN_call {"added":["apps/frontend/src/agent/agent-history-codec.ts"],"removed":[],"modified":["apps/frontend/src/account/session.ts","apps/frontend/src/locales/product-direct.json"]}
BEGIN mw3-hj-co-sb-mw3-srp-v1.manifest.json
COLLECTING HJ_open_CO_call_SB_call
COLLECTED HJ_open_CO_call_SB_call
Independent saved-byte/source collection: HJ_open_CO_call_SB_call {"added":["apps/frontend/src/agent/agent-history-codec.ts"],"removed":[],"modified":["apps/frontend/src/account/session.ts","apps/frontend/src/locales/product-direct.json"]}
BEGIN mw3-utg-btn-bb-mw3-srp-v1.manifest.json
COLLECTING UTG_open_BTN_call_BB_call
COLLECTED UTG_open_BTN_call_BB_call
Independent saved-byte/source collection: UTG_open_BTN_call_BB_call {"added":["apps/frontend/src/agent/agent-history-codec.ts"],"removed":[],"modified":["apps/frontend/src/account/session.ts","apps/frontend/src/locales/product-direct.json"]}
BEGIN mw3-utg-btn-sb-mw3-srp-v1.manifest.json
COLLECTING UTG_open_BTN_call_SB_call
COLLECTED UTG_open_BTN_call_SB_call
Independent saved-byte/source collection: UTG_open_BTN_call_SB_call {"added":["apps/frontend/src/agent/agent-history-codec.ts"],"removed":[],"modified":["apps/frontend/src/account/session.ts","apps/frontend/src/locales/product-direct.json"]}
BEGIN mw3-utg-co-bb-mw3-srp-v1.manifest.json
COLLECTING UTG_open_CO_call_BB_call
COLLECTED UTG_open_CO_call_BB_call
Independent saved-byte/source collection: UTG_open_CO_call_BB_call {"added":["apps/frontend/src/agent/agent-history-codec.ts"],"removed":[],"modified":["apps/frontend/src/account/session.ts","apps/frontend/src/locales/product-direct.json"]}
BEGIN mw3-utg-co-btn-mw3-srp-v1.manifest.json
COLLECTING UTG_open_CO_call_BTN_call
COLLECTED UTG_open_CO_call_BTN_call
Independent saved-byte/source collection: UTG_open_CO_call_BTN_call {"added":["apps/frontend/src/agent/agent-history-codec.ts"],"removed":[],"modified":["apps/frontend/src/account/session.ts","apps/frontend/src/locales/product-direct.json"]}
BEGIN mw3-utg-co-sb-mw3-srp-v1.manifest.json
COLLECTING UTG_open_CO_call_SB_call
COLLECTED UTG_open_CO_call_SB_call
Independent saved-byte/source collection: UTG_open_CO_call_SB_call {"added":["apps/frontend/src/agent/agent-history-codec.ts"],"removed":[],"modified":["apps/frontend/src/account/session.ts","apps/frontend/src/locales/product-direct.json"]}
BEGIN mw3-utg-hj-bb-mw3-srp-v1.manifest.json
COLLECTING UTG_open_HJ_call_BB_call
COLLECTED UTG_open_HJ_call_BB_call
Independent saved-byte/source collection: UTG_open_HJ_call_BB_call {"added":["apps/frontend/src/agent/agent-history-codec.ts"],"removed":[],"modified":["apps/frontend/src/account/session.ts","apps/frontend/src/locales/product-direct.json"]}
BEGIN mw3-utg-hj-btn-mw3-srp-v1.manifest.json
COLLECTING UTG_open_HJ_call_BTN_call
COLLECTED UTG_open_HJ_call_BTN_call
Independent saved-byte/source collection: UTG_open_HJ_call_BTN_call {"added":["apps/frontend/src/agent/agent-history-codec.ts"],"removed":[],"modified":["apps/frontend/src/account/session.ts","apps/frontend/src/locales/product-direct.json"]}
BEGIN mw3-utg-hj-co-mw3-srp-v1.manifest.json
COLLECTING UTG_open_HJ_call_CO_call
COLLECTED UTG_open_HJ_call_CO_call
Independent saved-byte/source collection: UTG_open_HJ_call_CO_call {"added":["apps/frontend/src/agent/agent-history-codec.ts"],"removed":[],"modified":["apps/frontend/src/account/session.ts","apps/frontend/src/locales/product-direct.json"]}
BEGIN mw3-utg-hj-sb-mw3-srp-v1.manifest.json
COLLECTING UTG_open_HJ_call_SB_call
COLLECTED UTG_open_HJ_call_SB_call
Independent saved-byte/source collection: UTG_open_HJ_call_SB_call {"added":["apps/frontend/src/agent/agent-history-codec.ts"],"removed":[],"modified":["apps/frontend/src/account/session.ts","apps/frontend/src/locales/product-direct.json"]}
{"status":"DIAGNOSTIC_COLLECTION_COMPLETE_CANONICAL_SAVED_GZIP_MISMATCH","subjects":16,"raw_files":112,"raw_bytes":235515283,"joint_warnings":561}
