✔ all four locales persist, unsupported locales fall back, and selection reloads in place (2.9235ms)
✔ every legacy product key has authored Chinese and Spanish copy with intact placeholders (11.722625ms)
✔ Spanish ranked explanations use the same rating and tier labels as the product (0.425708ms)
✔ interface copy is localized but dynamic user text and poker facts stay verbatim (55.782042ms)
✔ account sync size warnings have Chinese and Spanish recovery copy (0.939834ms)
✔ preflop and flop explanations preserve recorded figures in both new languages (35.76575ms)
✔ postflop templates retain action identities and explain the same exact combo (31.538458ms)
✔ translated poker glossary terms keep translated definitions (1.590167ms)
✔ settings expose four native names; sidebar removes languages and mobile tabs preserve route access (5027.2175ms)
✔ a guest can switch languages even when account service is offline (0.927208ms)
✔ 234 flop, turn and river explanation variants have no English prose fallback or changed strategy (498.987083ms)
fatal error: all goroutines are asleep - deadlock!
✔ player analysis opens with the style map, without the redundant summary card (6188.427667ms)
✔ Drill and Agent Stats share the dark map structure but keep source-specific axes and baselines (69.207291ms)
✔ Agent stats storage note reflects account sync and guest-local storage in every locale (100.096667ms)
✔ player analysis includes graded strengths, weaknesses and a link to detailed review (27.131542ms)
✔ player analysis shows a distinct ReysonAI Score trend (22.933541ms)
✔ drill styles keep animal avatars with type labels after the existing diverse-sample threshold (362.802375ms)
✔ ranked stats require live FastFold access and never substitute legacy quiz or drill records (6.884958ms)
✔ ranked answers stay outside local drill history (7.048208ms)
ℹ tests 19
ℹ suites 0
ℹ pass 19
ℹ fail 0
ℹ cancelled 0
ℹ skipped 0
ℹ todo 0
ℹ duration_ms 14596.853208
