✔ only approved dedicated SRPs unlock third calls; fourth and 3bet/squeeze callers remain blocked (49.705306ms)
✔ real deal retains all six legal hole pairs while the dedicated runtime sees exactly its three original keys (209.391602ms)
✔ human actions pause and replay through all streets; a preflop-folded human outside the original three never reaches a postflop prompt (11.942143ms)
✔ a human folding from the original three leaves a dedicated two-live-player path with unchanged roles (979.035735ms)
✔ uncalled wagers refund exactly before six-seat pot/rake settlement (1302.092127ms)
✔ all-in aliases run out the board without invented river decisions and conserve all six seats (845.325867ms)
✔ nonblind three-player origins retain both folded blinds and all six settlement keys (3583.852456ms)
✔ missing, unapproved, malformed or unsupported multiway hands stop before settlement and history writes (32.509645ms)
✔ Agent consumer retains at most two recent kits and never invalidates an active hand reference (157.998772ms)
✔ explicitly empty injected approval list rejects without fetching; URL parameters cannot authorize a candidate (6.821571ms)
✔ only both trusted stages with full input/hash/node validation produce a usable kit (1544.417665ms)
✔ raw manifest bytes, each part identity and body hash are mandatory (1747.130133ms)
✔ source, implementation, schema, scope, policy and cross-stage pins cannot come from metadata (15867.035877ms)
✔ a self-consistent transported policy that omits a whole engine node is still unavailable (1207.048818ms)
✔ cancelled view does not cancel another consumer; failures are retryable and successes shared (1133.887048ms)
✔ stream limit is measured in UTF8 bytes across chunks and cancels at boundary+1 (7.487769ms)
✔ verified success cache is a two-spot LRU; eviction preserves active consumer references (2488.045845ms)
✔ wire UTF8 BOM is preserved across chunks and cannot bypass exact raw manifest hashing (202.182446ms)
✔ three-origin dispatch is explicit and distinct from HU-origin multiway catalog (3.218575ms)
✔ completed three-player context cannot enter HU pilot even when a candidate is absent (6.12877ms)
✔ three tables preserve original roles, own reach and exact saved combo mixes (41.148083ms)
✔ common chronological action blocks use actual chip amounts and retain MW3 after 3→2 (2.305284ms)
✔ merged all-ins have one physical option, aliases and truthful labels in four languages (1.661036ms)
✔ street transitions, board duplicates, illegal suffixes and partial paths fail closed (4.604377ms)
✔ three-player URL roundtrips full streets without invoking HU geometry or authorizing a delivery (9.144646ms)
✔ Range board IDs use the shared cdhs convention for every physical card (7.03066ms)
✔ visible flop/turn/river cards block those exact suit combinations in all participant tables (150.172466ms)
▲ [WARNING] Duplicate key "A 6-max table where every Agent plays the Reyson solver estimate." in object literal [duplicate-object-key]

    apps/frontend/src/locales/product-direct.json:1206:2:
      1206 │   "A 6-max table where every Agent plays the Reyson solver estim...
           ╵   ~~~~~~~~~~~~~~~~~~~~~~~~~~~~~~~~~~~~~~~~~~~~~~~~~~~~~~~~~~~~~~

  The original key "A 6-max table where every Agent plays the Reyson solver estimate." is here:

    apps/frontend/src/locales/product-direct.json:906:2:
      906 │   "A 6-max table where every Agent plays the Reyson solver estima...
          ╵   ~~~~~~~~~~~~~~~~~~~~~~~~~~~~~~~~~~~~~~~~~~~~~~~~~~~~~~~~~~~~~~~

▲ [WARNING] Duplicate key "A 6-max table where every Agent plays the Reyson solver estimate." in object literal [duplicate-object-key]

    apps/frontend/src/locales/product-direct.json:1206:2:
      1206 │   "A 6-max table where every Agent plays the Reyson solver estim...
           ╵   ~~~~~~~~~~~~~~~~~~~~~~~~~~~~~~~~~~~~~~~~~~~~~~~~~~~~~~~~~~~~~~

  The original key "A 6-max table where every Agent plays the Reyson solver estimate." is here:

    apps/frontend/src/locales/product-direct.json:906:2:
      906 │   "A 6-max table where every Agent plays the Reyson solver estima...
          ╵   ~~~~~~~~~~~~~~~~~~~~~~~~~~~~~~~~~~~~~~~~~~~~~~~~~~~~~~~~~~~~~~~

✔ dedicated renderer shows three initial matrices, localized roles and exact combo controls without EV (1855.706339ms)
✔ empty registry renders each participant unavailable; no query can activate the delivery client (14.202058ms)
✔ late source success/failure cannot replace a newer spot or a reset even if an injected reader ignores cancellation (1164.084409ms)
✔ rewind and board replacement render only the newest numerical view and keep all original roles (349.831267ms)
✔ ordinary Agent saves one real MW3 result, preserves prior history and reopens Stats after Close (6572.459027ms)
✔ waiting Agent completes a verified MW3 hand once after real human actions without reading or writing saved history (6552.731496ms)
✔ superseded Agent loading cannot settle a remounted new hand or write points/history (217.235075ms)
✔ an injected interface cannot render an unverified copied policy kit (30.573664ms)
✔ shared chronological strip clicks all three seats, rewinds and reaches turn/river without a separate MW3 action row (102.466794ms)
✔ actual Agent A/B/A/C hand reuse touches Table and delivery LRU without replay loops (1022.122219ms)
✔ all sixteen numerical source closures exclude display components, styles and general backend dispatch (964.775579ms)
✔ presentation roots are skipped before recording or following their imports (59.122895ms)
✔ protected imports into excluded UI fail at the dependency edge, before filtering or reading UI (6667.966445ms)
✔ AST dependency extraction ignores non-code and rejects unresolved or unsupported module targets (2.833928ms)
✔ the vendored parser is the exact locked implementation with a byte-bound license and provenance (3.757828ms)
✔ official collection accepts the source inventory with all parser provenance and unchanged archive bytes (7121.851096ms)
✔ the computed captured-parent import has one exact source, expression and target exception (13.672521ms)
✔ delivery, authority, shared executable dependencies and strict verification remain protected (237.724818ms)
✔ required JSON exceptions preserve recipes, configuration, compatibility and captured runtime imports (227.080065ms)
✔ general backend wiring is still exercised by the dedicated integration test (0.483111ms)
✔ the reduced ledger still executes the complete captured verification parent without a live-source fallback (320.517532ms)
✔ synthetic adapter fixture reconstructs all historical and actual-current groups exactly (64.465148ms)
✔ synthetic fixture rejects missing review (6.705054ms)
✔ synthetic fixture rejects pending review (10.504162ms)
✔ synthetic fixture rejects wrong reviewer model (10.792138ms)
✔ synthetic fixture rejects missing reviewer task (10.897108ms)
✔ synthetic fixture rejects unknown review field (10.751943ms)
✔ synthetic fixture rejects wrong inventory digest (8.974715ms)
✔ synthetic fixture rejects wrong adapter digest (9.499868ms)
✔ synthetic fixture rejects missing pair (25.282186ms)
✔ synthetic fixture rejects extra pair (9.58603ms)
✔ synthetic fixture rejects duplicate pair (13.605507ms)
✔ synthetic fixture rejects reordered pairs (8.422287ms)
✔ synthetic fixture rejects reordered group (15.941528ms)
✔ synthetic fixture rejects extra group (18.540837ms)
✔ synthetic fixture rejects wrong current path (38.53147ms)
✔ synthetic fixture rejects wrong historical key (16.182999ms)
✔ synthetic fixture rejects changed current bytes (19.522927ms)
✔ synthetic fixture rejects missing current source (18.231833ms)
✔ synthetic fixture rejects wrong current hash (16.633892ms)
✔ synthetic fixture rejects wrong current length (25.336762ms)
✔ synthetic fixture rejects changed historical source (10.587376ms)
✔ synthetic fixture rejects wrong historical hash (12.094483ms)
✔ synthetic fixture rejects wrong historical length (15.043119ms)
✔ synthetic fixture rejects wrong gate classification (18.537653ms)
✔ synthetic fixture rejects gate numerical body drift (11.885782ms)
✔ synthetic fixture rejects mismatched reviewed pair (27.749298ms)
✔ synthetic fixture rejects missing gate amendment evidence (13.983529ms)
✔ synthetic fixture rejects wrong evidence path despite matching hash (10.6466ms)
✔ synthetic fixture rejects changed evidence bytes (9.689909ms)
✔ synthetic fixture rejects missing evidence (9.4634ms)
✔ synthetic fixture rejects adapter drift (10.785221ms)
✔ synthetic fixture rejects malformed review JSON (5.363705ms)
✔ synthetic fixture rejects malformed inventory JSON (4.994338ms)
✔ synthetic fixture rejects symlink source (8.712304ms)
✔ synthetic fixture rejects oversized evidence (11.945693ms)
✔ synthetic fixture rejects unknown group future (8.070133ms)
✔ synthetic fixture rejects unknown group __proto__ (7.397572ms)
✔ synthetic fixture rejects unknown group constructor (5.498415ms)
✔ a successful call cannot cache authority after current source changes (18.43654ms)
✔ raw inventory cannot diverge from the captured imported inventory (24.949654ms)
✔ compatibility receipt stays outside the reserved saved-delivery namespace (8.110913ms)
✔ ordinary registry preserves exact scoped legacy descriptors followed by reviewed HU descriptors (2.683768ms)
✔ ordinary Agent retains exact HU histories while injected or absent server data never expands FastFold coverage (4.115014ms)
✔ interleaved injected legacy scopes cannot fall back to or mutate the ordinary registry (26.721201ms)
✔ same squeeze history keeps ordinary Stage2 continuation while injected FastFold stays legacy-only (267.511613ms)
ℹ tests 93
ℹ suites 0
ℹ pass 93
ℹ fail 0
ℹ cancelled 0
ℹ skipped 0
ℹ todo 0
ℹ duration_ms 94011.145383
