✔ disabled/origin/method gates and exact credentialed CORS (6.021264ms)
✔ snapshot allowlist includes Agent stats and excludes arbitrary/rank keys (0.286492ms)
✔ Google signed identity, PKCE/state replay, owned snapshots and logout (144.799317ms)
✔ cross-tab account owner changes pause the 350ms Agent auto-save and preserve the old export (518.154944ms)
✔ a /session A then /data B race preserves A in memory and recovers through same-owner refresh (15.631475ms)
✔ guest import preflights the exact owner-bound 500KB request and old-client recovery stays fail-closed (66.056868ms)
✔ disabled by default; browser authority, insecure native transport and CORS fail closed (10.18901ms)
✔ strict start/body/redirect/method validation and per-route rate limits (105.592165ms)
✔ independent browser state and PKCE; callback replay and injection never mint credentials (49.213342ms)
✔ exact expiry boundaries for pending attempts, Google state, app codes and native sessions (74.010366ms)
✔ concurrent exchanges produce one session; failed session insert rolls back code claim (27.66766ms)
✔ cancel before browser, during consent, after code and after exchange prevents late sessions (69.057267ms)
✔ denied/invalid provider identity returns only trusted state and never a session (98.461243ms)
✔ native ownership, account switching, shared Web snapshots, conflict/consent, revocation and transport isolation (90.742265ms)
✔ exhaustive supported flag and optional-field combinations round trip without changing facts (67.258346ms)
✔ legacy object histories and unknown object fields retain data and do not become compact loss (0.420143ms)
✔ 3000 ordinary Agent rows remain below the unchanged endpoint limit and expand exactly (26.84193ms)
ℹ tests 17
ℹ suites 0
ℹ pass 17
ℹ fail 0
ℹ cancelled 0
ℹ skipped 0
ℹ todo 0
ℹ duration_ms 942.496
